PHPUnit 11.5.55 by Sebastian Bergmann and contributors.

Runtime:       PHP 8.2.13
Configuration: C:\wamp64\www\exam-system\backend\phpunit.xml

.....                                                               5 / 5 (100%)

Time: 00:01.748, Memory: 54.00 MB

OK (5 tests, 32 assertions)
